<html>
<body>
<pre>
<h1>µVision Build Log</h1>
<h2>Tool Versions:</h2>
IDE-Version: ¦ÌVision V5.14.0.0
Copyright (C) 2015 ARM Ltd and ARM Germany GmbH. All rights reserved.
License Information: 112 Microsoft, Microsoft, LIC=----
 
Tool Versions:
Toolchain:       MDK-Lite  Version: 5.14.0.0
Toolchain Path:  D:\MDK5.10\ARM\ARMCC\Bin
C Compiler:      Armcc.exe V5.05 update 1 (build 106)
Assembler:       Armasm.exe V5.05 update 1 (build 106)
Linker/Locator:  ArmLink.exe V5.05 update 1 (build 106)
Library Manager: ArmAr.exe V5.05 update 1 (build 106)
Hex Converter:   FromElf.exe V5.05 update 1 (build 106)
CPU DLL:         SARMCM3.DLL V5.14.0.0
Dialog DLL:      DCM.DLL V1.13.1.0
Target DLL:      STLink\ST-LINKIII-KEIL_SWO.dll V2.0.14.0_KEIL
Dialog DLL:      TCM.DLL V1.14.4.0
 
<h2>Project:</h2>
C:\Users\Admin\Desktop\UART1_IRQ\USER\uart_irq.uvprojx
Project File Date:  12/16/2015

<h2>Output:</h2>
Build target 'Target 1'
compiling main.c...
main.c(28): warning:  #167-D: argument of type "char *" is incompatible with parameter of type "uint8_t *"
          ringbuf_init(&ring_rx,buf,BUF_LEN);
main.c(29): warning:  #167-D: argument of type "char *" is incompatible with parameter of type "uint8_t *"
          ringbuf_init(&ring_tx,buf,BUF_LEN);
main.c(25): warning:  #177-D: variable "a" was declared but never referenced
          int a=1;
main.c: 3 warnings, 0 errors
linking...
Program Size: Code=2832 RO-data=472 RW-data=64 ZI-data=11248  
"..\OBJ\uart_irq.axf" - 0 Error(s), 3 Warning(s).

<h2>Collection of Component include folders:</h2>
  C:\Users\Admin\Desktop\UART1_IRQ\USER\RTE
  D:\MDK5.10\ARM\PACK\Keil\STM32F4xx_DFP\2.3.0\Drivers\CMSIS\Device\ST\STM32F4xx\Include

<h2>Collection of Component Files used:</h2>
</pre>
</body>
</html>
